[    0.000000] Initializing cgroup subsys cpuset
[    0.000000] Initializing cgroup subsys cpu
[    0.000000] Initializing cgroup subsys cpuacct
[    0.000000] Linux version 4.4.0-165-generic (buildd@lgw01-amd64-027) (gcc version 5.4.0 20160609 (Ubuntu 5.4.0-6ubuntu1~16.04.10) ) #193-Ubuntu SMP Tue Sep 17 17:42:52 UTC 2019 (Ubuntu 4.4.0-165.193-generic 4.4.189)
[    0.000000] Command line: BOOT_IMAGE=/boot/vmlinuz-4.4.0-165-generic root=LABEL=cloudimg-rootfs ro console=tty1 console=ttyS0
[    0.000000] KERNEL supported cpus:
[    0.000000]   Intel GenuineIntel
[    0.000000]   AMD AuthenticAMD
[    0.000000]   Centaur CentaurHauls
[    0.000000] x86/fpu: xstate_offset[2]:  576, xstate_sizes[2]:  256
[    0.000000] x86/fpu: Supporting XSAVE feature 0x01: 'x87 floating point registers'
[    0.000000] x86/fpu: Supporting XSAVE feature 0x02: 'SSE registers'
[    0.000000] x86/fpu: Supporting XSAVE feature 0x04: 'AVX registers'
[    0.000000] x86/fpu: Enabled xstate features 0x7, context size is 832 bytes, using 'standard' format.
[    0.000000] e820: BIOS-provided physical RAM map:
[    0.000000] BIOS-e820: [mem 0x0000000000000000-0x000000000009fbff] usable
[    0.000000] BIOS-e820: [mem 0x000000000009fc00-0x000000000009ffff] reserved
[    0.000000] BIOS-e820: [mem 0x00000000000f0000-0x00000000000fffff] reserved
[    0.000000] BIOS-e820: [mem 0x0000000000100000-0x000000003ffeffff] usable
[    0.000000] BIOS-e820: [mem 0x000000003fff0000-0x000000003fffffff] ACPI data
[    0.000000] BIOS-e820: [mem 0x00000000fec00000-0x00000000fec00fff] reserved
[    0.000000] BIOS-e820: [mem 0x00000000fee00000-0x00000000fee00fff] reserved
[    0.000000] BIOS-e820: [mem 0x00000000fffc0000-0x00000000ffffffff] reserved
[    0.000000] NX (Execute Disable) protection: active
[    0.000000] SMBIOS 2.5 present.
[    0.000000] Hypervisor detected: KVM
[    0.000000] e820: last_pfn = 0x3fff0 max_arch_pfn = 0x400000000
[    0.000000] MTRR: Disabled
[    0.000000] x86/PAT: MTRRs disabled, skipping PAT initialization too.
[    0.000000] CPU MTRRs all blank - virtualized system.
[    0.000000] x86/PAT: Configuration [0-7]: WB  WT  UC- UC  WB  WT  UC- UC  
[    0.000000] found SMP MP-table at [mem 0x0009fff0-0x0009ffff] mapped at [ffff88000009fff0]
[    0.000000] Scanning 1 areas for low memory corruption
[    0.000000] RAMDISK: [mem 0x362fa000-0x37174fff]
[    0.000000] ACPI: Early table checksum verification disabled
[    0.000000] ACPI: RSDP 0x00000000000E0000 000024 (v02 VBOX  )
[    0.000000] ACPI: XSDT 0x000000003FFF0030 00003C (v01 VBOX   VBOXXSDT 00000001 ASL  00000061)
[    0.000000] ACPI: FACP 0x000000003FFF00F0 0000F4 (v04 VBOX   VBOXFACP 00000001 ASL  00000061)
[    0.000000] ACPI: DSDT 0x000000003FFF0470 0022EA (v02 VBOX   VBOXBIOS 00000002 INTL 20100528)
[    0.000000] ACPI: FACS 0x000000003FFF0200 000040
[    0.000000] ACPI: FACS 0x000000003FFF0200 000040
[    0.000000] ACPI: APIC 0x000000003FFF0240 00005C (v02 VBOX   VBOXAPIC 00000001 ASL  00000061)
[    0.000000] ACPI: SSDT 0x000000003FFF02A0 0001CC (v01 VBOX   VBOXCPUT 00000002 INTL 20100528)
[    0.000000] No NUMA configuration found
[    0.000000] Faking a node at [mem 0x0000000000000000-0x000000003ffeffff]
[    0.000000] NODE_DATA(0) allocated [mem 0x3ffeb000-0x3ffeffff]
[    0.000000] kvm-clock: Using msrs 4b564d01 and 4b564d00
[    0.000000] kvm-clock: cpu 0, msr 0:3ffe3001, primary cpu clock
[    0.000000] kvm-clock: using sched offset of 3994603544 cycles
[    0.000000] clocksource: kvm-clock: mask: 0xffffffffffffffff max_cycles: 0x1cd42e4dffb, max_idle_ns: 881590591483 ns
[    0.000000] Zone ranges:
[    0.000000]   DMA      [mem 0x0000000000001000-0x0000000000ffffff]
[    0.000000]   DMA32    [mem 0x0000000001000000-0x000000003ffeffff]
[    0.000000]   Normal   empty
[    0.000000]   Device   empty
[    0.000000] Movable zone start for each node
[    0.000000] Early memory node ranges
[    0.000000]   node   0: [mem 0x0000000000001000-0x000000000009efff]
[    0.000000]   node   0: [mem 0x0000000000100000-0x000000003ffeffff]
[    0.000000] Initmem setup node 0 [mem 0x0000000000001000-0x000000003ffeffff]
[    0.000000] ACPI: PM-Timer IO Port: 0x4008
[    0.000000] IOAPIC[0]: apic_id 2, version 32, address 0xfec00000, GSI 0-23
[    0.000000] ACPI: INT_SRC_OVR (bus 0 bus_irq 0 global_irq 2 dfl dfl)
[    0.000000] ACPI: INT_SRC_OVR (bus 0 bus_irq 9 global_irq 9 low level)
[    0.000000] Using ACPI (MADT) for SMP configuration information
[    0.000000] smpboot: Allowing 2 CPUs, 0 hotplug CPUs
[    0.000000] PM: Registered nosave memory: [mem 0x00000000-0x00000fff]
[    0.000000] PM: Registered nosave memory: [mem 0x0009f000-0x0009ffff]
[    0.000000] PM: Registered nosave memory: [mem 0x000a0000-0x000effff]
[    0.000000] PM: Registered nosave memory: [mem 0x000f0000-0x000fffff]
[    0.000000] e820: [mem 0x40000000-0xfebfffff] available for PCI devices
[    0.000000] Booting paravirtualized kernel on KVM
[    0.000000] clocksource: refined-jiffies: mask: 0xffffffff max_cycles: 0xffffffff, max_idle_ns: 7645519600211568 ns
[    0.000000] setup_percpu: NR_CPUS:512 nr_cpumask_bits:512 nr_cpu_ids:2 nr_node_ids:1
[    0.000000] PERCPU: Embedded 34 pages/cpu @ffff88003fc00000 s99544 r8192 d31528 u1048576
[    0.000000] Built 1 zonelists in Node order, mobility grouping on.  Total pages: 257912
[    0.000000] Policy zone: DMA32
[    0.000000] Kernel command line: BOOT_IMAGE=/boot/vmlinuz-4.4.0-165-generic root=LABEL=cloudimg-rootfs ro console=tty1 console=ttyS0
[    0.000000] PID hash table entries: 4096 (order: 3, 32768 bytes)
[    0.000000] Memory: 997732K/1048120K available (8621K kernel code, 1335K rwdata, 4032K rodata, 1484K init, 1284K bss, 50388K reserved, 0K cma-reserved)
[    0.000000] SLUB: HWalign=64, Order=0-3, MinObjects=0, CPUs=2, Nodes=1
[    0.000000] Kernel/User page tables isolation: enabled
[    0.000000] Hierarchical RCU implementation.
[    0.000000] 	Build-time adjustment of leaf fanout to 64.
[    0.000000] 	RCU restricting CPUs from NR_CPUS=512 to nr_cpu_ids=2.
[    0.000000] RCU: Adjusting geometry for rcu_fanout_leaf=64, nr_cpu_ids=2
[    0.000000] NR_IRQS:33024 nr_irqs:440 16
[    0.000000] Console: colour VGA+ 80x25
[    0.000000] console [tty1] enabled
[    0.000000] console [ttyS0] enabled
[    0.000000] tsc: Detected 2400.000 MHz processor
[    0.316534] Calibrating delay loop (skipped) preset value.. 4800.00 BogoMIPS (lpj=9600000)
[    0.319070] pid_max: default: 32768 minimum: 301
[    0.321217] ACPI: Core revision 20150930
[    0.326141] ACPI: 2 ACPI AML tables successfully acquired and loaded
[    0.328418] Security Framework initialized
[    0.329788] Yama: becoming mindful.
[    0.331100] AppArmor: AppArmor initialized
[    0.332643] Dentry cache hash table entries: 131072 (order: 8, 1048576 bytes)
[    0.338377] Inode-cache hash table entries: 65536 (order: 7, 524288 bytes)
[    0.340436] Mount-cache hash table entries: 2048 (order: 2, 16384 bytes)
[    0.342379] Mountpoint-cache hash table entries: 2048 (order: 2, 16384 bytes)
[    0.345007] Initializing cgroup subsys io
[    0.346519] Initializing cgroup subsys memory
[    0.348008] Initializing cgroup subsys devices
[    0.349464] Initializing cgroup subsys freezer
[    0.350932] Initializing cgroup subsys net_cls
[    0.352307] Initializing cgroup subsys perf_event
[    0.353803] Initializing cgroup subsys net_prio
[    0.355266] Initializing cgroup subsys hugetlb
[    0.357019] Initializing cgroup subsys pids
[    0.359882] mce: CPU supports 0 MCE banks
[    0.361278] Last level iTLB entries: 4KB 64, 2MB 8, 4MB 8
[    0.362998] Last level dTLB entries: 4KB 64, 2MB 0, 4MB 0, 1GB 4
[    0.364707] Spectre V1 : Mitigation: usercopy/swapgs barriers and __user pointer sanitization
[    0.367403] Spectre V2 : Mitigation: Full generic retpoline
[    0.369043] Spectre V2 : Spectre v2 / SpectreRSB mitigation: Filling RSB on context switch
[    0.371718] Speculative Store Bypass: Vulnerable
[    0.373232] MDS: Vulnerable: Clear CPU buffers attempted, no microcode
[    0.379684] Freeing SMP alternatives memory: 36K
[    0.389941] ftrace: allocating 32318 entries in 127 pages
[    0.489480] smpboot: APIC(0) Converting physical 0 to logical package 0
[    0.491426] smpboot: Max logical packages: 1
[    0.494186] x2apic enabled
[    0.496076] Switched APIC routing to physical x2apic.
[    0.500162] ..TIMER: vector=0x30 apic1=0 pin1=2 apic2=-1 pin2=-1
[    0.611331] smpboot: CPU0: Intel(R) Core(TM) i5-6200U CPU @ 2.30GHz (family: 0x6, model: 0x4e, stepping: 0x3)
[    0.614628] Performance Events: unsupported p6 CPU model 78 no PMU driver, software events only.
[    0.632483] KVM setup paravirtual spinlock
[    0.634724] x86: Booting SMP configuration:
[    0.636149] .... node  #0, CPUs:      #1
[    0.637482] kvm-clock: cpu 1, msr 0:3ffe3041, secondary cpu clock
[    0.639831] mce: CPU supports 0 MCE banks
[    0.644575] x86: Booted up 1 node, 2 CPUs
[    0.647767] smpboot: Total of 2 processors activated (9600.00 BogoMIPS)
[    0.652645] devtmpfs: initialized
[    0.656196] evm: security.selinux
[    0.657466] evm: security.SMACK64
[    0.658771] evm: security.SMACK64EXEC
[    0.660837] evm: security.SMACK64TRANSMUTE
[    0.662358] evm: security.SMACK64MMAP
[    0.663825] evm: security.ima
[    0.665248] evm: security.capability
[    0.666972] clocksource: jiffies: mask: 0xffffffff max_cycles: 0xffffffff, max_idle_ns: 7645041785100000 ns
[    0.670199] futex hash table entries: 512 (order: 3, 32768 bytes)
[    0.672410] pinctrl core: initialized pinctrl subsystem
[    0.675103] RTC time: 15:43:04, date: 10/10/19
[    0.677591] NET: Registered protocol family 16
[    0.693648] cpuidle: using governor ladder
[    0.704763] cpuidle: using governor menu
[    0.707796] PCCT header not found.
[    0.710885] ACPI: bus type PCI registered
[    0.714024] acpiphp: ACPI Hot Plug PCI Controller Driver version: 0.5
[    0.716810] PCI: Using configuration type 1 for base access
[    0.733203] ACPI: Added _OSI(Module Device)
[    0.734602] ACPI: Added _OSI(Processor Device)
[    0.736482] ACPI: Added _OSI(3.0 _SCP Extensions)
[    0.738276] ACPI: Added _OSI(Processor Aggregator Device)
[    0.740961] ACPI: Executed 1 blocks of module-level executable AML code
[    0.746959] ACPI: Interpreter enabled
[    0.748359] ACPI: (supports S0 S5)
[    0.749978] ACPI: Using IOAPIC for interrupt routing
[    0.751931] PCI: Using host bridge windows from ACPI; if necessary, use "pci=nocrs" and report a bug
[    0.762063] ACPI: PCI Root Bridge [PCI0] (domain 0000 [bus 00-ff])
[    0.764099] acpi PNP0A03:00: _OSC: OS supports [ASPM ClockPM Segments MSI]
[    0.767344] acpi PNP0A03:00: _OSC: not requesting OS control; OS requires [ExtendedConfig ASPM ClockPM MSI]
[    0.771736] acpi PNP0A03:00: fail to add MMCONFIG information, can't access extended PCI configuration space under this bridge.
[    0.778405] PCI host bridge to bus 0000:00
[    0.780906] pci_bus 0000:00: root bus resource [io  0x0000-0x0cf7 window]
[    0.784365] pci_bus 0000:00: root bus resource [io  0x0d00-0xffff window]
[    0.787788] pci_bus 0000:00: root bus resource [mem 0x000a0000-0x000bffff window]
[    0.793156] pci_bus 0000:00: root bus resource [mem 0x40000000-0xfdffffff window]
[    0.796578] pci_bus 0000:00: root bus resource [bus 00-ff]
[    0.801854] pci 0000:00:01.1: legacy IDE quirk: reg 0x10: [io  0x01f0-0x01f7]
[    0.803851] pci 0000:00:01.1: legacy IDE quirk: reg 0x14: [io  0x03f6]
[    0.807078] pci 0000:00:01.1: legacy IDE quirk: reg 0x18: [io  0x0170-0x0177]
[    0.810121] pci 0000:00:01.1: legacy IDE quirk: reg 0x1c: [io  0x0376]
[    0.853074] pci 0000:00:07.0: quirk: [io  0x4000-0x403f] claimed by PIIX4 ACPI
[    0.856814] pci 0000:00:07.0: quirk: [io  0x4100-0x410f] claimed by PIIX4 SMB
[    0.867934] ACPI: PCI Interrupt Link [LNKA] (IRQs 5 9 10 *11)
[    0.871403] ACPI: PCI Interrupt Link [LNKB] (IRQs 5 9 *10 11)
[    0.875110] ACPI: PCI Interrupt Link [LNKC] (IRQs 5 *9 10 11)
[    0.878646] ACPI: PCI Interrupt Link [LNKD] (IRQs 5 9 10 *11)
[    0.881967] ACPI: Enabled 2 GPEs in block 00 to 07
[    0.884985] vgaarb: setting as boot device: PCI:0000:00:02.0
[    0.887367] vgaarb: device added: PCI:0000:00:02.0,decodes=io+mem,owns=io+mem,locks=none
[    0.891232] vgaarb: loaded
[    0.892937] vgaarb: bridge control possible 0000:00:02.0
[    0.895042] SCSI subsystem initialized
[    0.897410] ACPI: bus type USB registered
[    0.899384] usbcore: registered new interface driver usbfs
[    0.901974] usbcore: registered new interface driver hub
[    0.904561] usbcore: registered new device driver usb
[    0.907543] PCI: Using ACPI for IRQ routing
[    0.909826] NetLabel: Initializing
[    0.911134] NetLabel:  domain hash size = 128
[    0.912615] NetLabel:  protocols = UNLABELED CIPSOv4
[    0.918120] NetLabel:  unlabeled traffic allowed by default
[    0.920772] amd_nb: Cannot enumerate AMD northbridges
[    0.923118] clocksource: Switched to clocksource kvm-clock
[    0.939349] AppArmor: AppArmor Filesystem Enabled
[    0.940965] pnp: PnP ACPI init
[    0.944710] pnp: PnP ACPI: found 3 devices
[    0.959588] clocksource: acpi_pm: mask: 0xffffff max_cycles: 0xffffff, max_idle_ns: 2085701024 ns
[    0.962485] NET: Registered protocol family 2
[    0.964453] TCP established hash table entries: 8192 (order: 4, 65536 bytes)
[    0.966545] TCP bind hash table entries: 8192 (order: 5, 131072 bytes)
[    0.968548] TCP: Hash tables configured (established 8192 bind 8192)
[    0.970791] UDP hash table entries: 512 (order: 2, 16384 bytes)
[    0.973105] UDP-Lite hash table entries: 512 (order: 2, 16384 bytes)
[    0.975606] NET: Registered protocol family 1
[    0.977067] pci 0000:00:00.0: Limiting direct PCI/PCI transfers
[    0.978802] pci 0000:00:01.0: Activating ISA DMA hang workarounds
[    0.980816] Unpacking initramfs...
[    1.327014] Freeing initrd memory: 14828K
[    1.330263] clocksource: tsc: mask: 0xffffffffffffffff max_cycles: 0x22983777dd9, max_idle_ns: 440795300422 ns
[    1.333562] platform rtc_cmos: registered platform RTC device (no PNP device found)
[    1.336266] Scanning for low memory corruption every 60 seconds
[    1.338724] audit: initializing netlink subsys (disabled)
[    1.340577] audit: type=2000 audit(1570722189.965:1): initialized
[    1.343107] Initialise system trusted keyring
[    1.345619] HugeTLB registered 2 MB page size, pre-allocated 0 pages
[    1.349776] zbud: loaded
[    1.351279] VFS: Disk quotas dquot_6.6.0
[    1.352822] VFS: Dquot-cache hash table entries: 512 (order 0, 4096 bytes)
[    1.355052] squashfs: version 4.0 (2009/01/31) Phillip Lougher
[    1.357231] fuse init (API version 7.23)
[    1.360548] Key type big_key registered
[    1.362705] Allocating IMA MOK and blacklist keyrings.
[    1.366914] Key type asymmetric registered
[    1.368337] Asymmetric key parser 'x509' registered
[    1.369901] Block layer SCSI generic (bsg) driver version 0.4 loaded (major 249)
[    1.372435] io scheduler noop registered
[    1.373726] io scheduler deadline registered (default)
[    1.375473] io scheduler cfq registered
[    1.377819] pci_hotplug: PCI Hot Plug PCI Core version: 0.5
[    1.380286] pciehp: PCI Express Hot Plug Controller Driver version: 0.4
[    1.383558] ACPI: AC Adapter [AC] (on-line)
[    1.385652] input: Power Button as /devices/LNXSYSTM:00/LNXPWRBN:00/input/input0
[    1.388576] ACPI: Power Button [PWRF]
[    1.390059] input: Sleep Button as /devices/LNXSYSTM:00/LNXSLPBN:00/input/input1
[    1.394057] ACPI: Sleep Button [SLPF]
[    1.398405] ACPI: Battery Slot [BAT0] (battery present)
[    1.401323] GHES: HEST is not enabled!
[    1.405165] Serial: 8250/16550 driver, 32 ports, IRQ sharing enabled
[    1.429054] 00:02: ttyS0 at I/O 0x3f8 (irq = 4, base_baud = 115200) is a 16550A
[    1.438055] Linux agpgart interface v0.103
[    1.442275] loop: module loaded
[    1.445577] scsi host0: ata_piix
[    1.448240] scsi host1: ata_piix
[    1.449780] ata1: PATA max UDMA/33 cmd 0x1f0 ctl 0x3f6 bmdma 0xd000 irq 14
[    1.451861] ata2: PATA max UDMA/33 cmd 0x170 ctl 0x376 bmdma 0xd008 irq 15
[    1.453968] libphy: Fixed MDIO Bus: probed
[    1.455673] tun: Universal TUN/TAP device driver, 1.6
[    1.457217] tun: (C) 1999-2004 Max Krasnyansky <maxk@qualcomm.com>
[    1.460838] PPP generic driver version 2.4.2
[    1.462913] ehci_hcd: USB 2.0 'Enhanced' Host Controller (EHCI) Driver
[    1.466651] ehci-pci: EHCI PCI platform driver
[    1.469558] ehci-platform: EHCI generic platform driver
[    1.471200] ohci_hcd: USB 1.1 'Open' Host Controller (OHCI) Driver
[    1.472997] ohci-pci: OHCI PCI platform driver
[    1.474381] ohci-platform: OHCI generic platform driver
[    1.476279] uhci_hcd: USB Universal Host Controller Interface driver
[    1.479148] i8042: PNP: PS/2 Controller [PNP0303:PS2K,PNP0f03:PS2M] at 0x60,0x64 irq 1,12
[    1.483241] serio: i8042 KBD port at 0x60,0x64 irq 1
[    1.484899] serio: i8042 AUX port at 0x60,0x64 irq 12
[    1.486574] mousedev: PS/2 mouse device common for all mice
[    1.489004] rtc_cmos rtc_cmos: rtc core: registered rtc_cmos as rtc0
[    1.491006] input: AT Translated Set 2 keyboard as /devices/platform/i8042/serio0/input/input2
[    1.494834] rtc_cmos rtc_cmos: alarms up to one day, 114 bytes nvram
[    1.497615] i2c /dev entries driver
[    1.499244] device-mapper: uevent: version 1.0.3
[    1.500938] device-mapper: ioctl: 4.34.0-ioctl (2015-10-28) initialised: dm-devel@redhat.com
[    1.503609] ledtrig-cpu: registered to indicate activity on CPUs
[    1.506014] NET: Registered protocol family 10
[    1.507658] NET: Registered protocol family 17
[    1.509417] Key type dns_resolver registered
[    1.512445] registered taskstats version 1
[    1.514216] Loading compiled-in X.509 certificates
[    1.516661] Loaded X.509 cert 'Build time autogenerated kernel key: 0ed82eac04367aa6426493b1389455ebf6830eaa'
[    1.519895] zswap: loaded using pool lzo/zbud
[    1.523386] Key type trusted registered
[    1.529549] Key type encrypted registered
[    1.531261] AppArmor: AppArmor sha1 policy hashing enabled
[    1.533010] ima: No TPM chip found, activating TPM-bypass!
[    1.534656] ima: Allocated hash algorithm: sha1
[    1.536162] evm: HMAC attrs: 0x1
[    1.538017]   Magic number: 7:52:740
[    1.539429] rtc_cmos rtc_cmos: setting system clock to 2019-10-10 15:43:05 UTC (1570722185)
[    1.542205] BIOS EDD facility v0.16 2004-Jun-25, 0 devices found
[    1.544347] EDD information not available.
[    1.610887] Freeing unused kernel memory: 1484K
[    1.614604] Write protecting the kernel read-only data: 14336k
[    1.618960] Freeing unused kernel memory: 1608K
[    1.621390] Freeing unused kernel memory: 64K
Loading, please wait...
starting version 229
[    1.645616] random: systemd-udevd: uninitialized urandom read (16 bytes read, 3 bits of entropy available)
[    1.646556] random: udevadm: uninitialized urandom read (16 bytes read, 3 bits of entropy available)
[    1.646587] random: udevadm: uninitialized urandom read (16 bytes read, 3 bits of entropy available)
[    1.658040] random: systemd-udevd: uninitialized urandom read (16 bytes read, 3 bits of entropy available)
[    1.663123] random: udevadm: uninitialized urandom read (16 bytes read, 3 bits of entropy available)
[    1.663256] random: udevadm: uninitialized urandom read (16 bytes read, 3 bits of entropy available)
[    1.663521] random: udevadm: uninitialized urandom read (16 bytes read, 3 bits of entropy available)
[    1.663745] random: udevadm: uninitialized urandom read (16 bytes read, 3 bits of entropy available)
[    1.663868] random: udevadm: uninitialized urandom read (16 bytes read, 3 bits of entropy available)
[    1.663975] random: udevadm: uninitialized urandom read (16 bytes read, 3 bits of entropy available)
[    1.732431] e1000: Intel(R) PRO/1000 Network Driver - version 7.3.21-k8-NAPI
[    1.735344] e1000: Copyright (c) 1999-2006 Intel Corporation.
[    1.737975] Fusion MPT base driver 3.04.20
[    1.739782] Copyright (c) 1999-2008 LSI Corporation
[    1.757225] Fusion MPT SPI Host driver 3.04.20
[    1.786335] AVX2 version of gcm_enc/dec engaged.
[    1.788212] AES CTR mode by8 optimization enabled
[    1.965482] input: ImExPS/2 Generic Explorer Mouse as /devices/platform/i8042/serio1/input/input4
[    2.238455] e1000 0000:00:03.0 eth0: (PCI:33MHz:32-bit) 02:0e:9b:2d:5b:92
[    2.241151] e1000 0000:00:03.0 eth0: Intel(R) PRO/1000 Network Connection
[    2.246311] e1000 0000:00:03.0 enp0s3: renamed from eth0
[    2.248445] mptbase: ioc0: Initiating bringup
[    2.312242] ioc0: LSI53C1030 A0: Capabilities={Initiator}
[    2.479476] scsi host2: ioc0: LSI53C1030 A0, FwRev=00000000h, Ports=1, MaxQ=256, IRQ=20
[    2.604767] scsi 2:0:0:0: Direct-Access     VBOX     HARDDISK         1.0  PQ: 0 ANSI: 5
[    2.611681] scsi target2:0:0: Beginning Domain Validation
[    2.617873] scsi target2:0:0: Domain Validation skipping write tests
[    2.620255] scsi target2:0:0: Ending Domain Validation
[    2.622468] scsi target2:0:0: asynchronous
[    2.625238] scsi 2:0:1:0: Direct-Access     VBOX     HARDDISK         1.0  PQ: 0 ANSI: 5
[    2.628287] scsi target2:0:1: Beginning Domain Validation
[    2.632482] scsi target2:0:1: Domain Validation skipping write tests
[    2.634610] scsi target2:0:1: Ending Domain Validation
[    2.636315] scsi target2:0:1: asynchronous
[    2.668041] sd 2:0:0:0: [sda] 20971520 512-byte logical blocks: (10.7 GB/10.0 GiB)
[    2.670871] sd 2:0:0:0: Attached scsi generic sg0 type 0
[    2.673378] sd 2:0:1:0: [sdb] 20480 512-byte logical blocks: (10.5 MB/10.0 MiB)
[    2.676421] sd 2:0:1:0: Attached scsi generic sg1 type 0
[    2.678167] sd 2:0:0:0: [sda] Write Protect is off
[    2.678431] sd 2:0:1:0: [sdb] Write Protect is off
[    2.678636] sd 2:0:1:0: [sdb] Incomplete mode parameter data
[    2.678638] sd 2:0:1:0: [sdb] Assuming drive cache: write through
[    2.686321] sd 2:0:0:0: [sda] Incomplete mode parameter data
[    2.688215] sd 2:0:0:0: [sda] Assuming drive cache: write through
[    2.692955]  sda: sda1
[    2.693379] sd 2:0:1:0: [sdb] Attached SCSI disk
[    2.697767] sd 2:0:0:0: [sda] Attached SCSI disk
Begin: Loading essential drivers ... [    4.372299] md: linear personality registered for level -1
[    4.376980] md: multipath personality registered for level -4
[    4.381346] md: raid0 personality registered for level 0
[    4.387402] md: raid1 personality registered for level 1
[    4.459216] raid6: sse2x1   gen()  8321 MB/s
[    4.527374] raid6: sse2x1   xor()  6189 MB/s
[    4.595238] raid6: sse2x2   gen() 10500 MB/s
[    4.663546] raid6: sse2x2   xor()  6635 MB/s
[    4.731444] raid6: sse2x4   gen() 12136 MB/s
[    4.799197] raid6: sse2x4   xor()  8164 MB/s
[    4.867182] raid6: avx2x1   gen() 16693 MB/s
[    4.935410] raid6: avx2x2   gen() 20333 MB/s
[    5.003652] raid6: avx2x4   gen() 20485 MB/s
[    5.005006] raid6: using algorithm avx2x4 gen() 20485 MB/s
[    5.006687] raid6: using avx2x2 recovery algorithm
[    5.009987] xor: automatically using best checksumming function:
[    5.051953]    avx       : 22680.000 MB/sec
[    5.054971] async_tx: api initialized (async)
[    5.070654] md: raid6 personality registered for level 6
[    5.072957] md: raid5 personality registered for level 5
[    5.075077] md: raid4 personality registered for level 4
[    5.086390] md: raid10 personality registered for level 10
done.
Begin: Running /scripts/init-premount ... done.
Begin: Mounting root file system ... Begin: Running /scripts/local-top ... done.
Begin: Running /scripts/local-premount ... [    5.131962] Btrfs loaded
Scanning for Btrfs filesystems
done.
Warning: fsck not present, so skipping root file system
[    5.177114] EXT4-fs (sda1): mounted filesystem with ordered data mode. Opts: (null)
done.
Begin: Running /scripts/local-bottom ... done.
Begin: Running /scripts/init-bottom ... done.
[    5.332979] systemd[1]: systemd 229 running in system mode. (+PAM +AUDIT +SELINUX +IMA +APPARMOR +SMACK +SYSVINIT +UTMP +LIBCRYPTSETUP +GCRYPT +GNUTLS +ACL +XZ -LZ4 +SECCOMP +BLKID +ELFUTILS +KMOD -IDN)
[    5.340970] systemd[1]: Detected virtualization oracle.
[    5.343180] systemd[1]: Detected architecture x86-64.

Welcome to [1mUbuntu 16.04.6 LTS[0m!

[    5.349571] systemd[1]: Set hostname to <ubuntu>.
[    5.354586] systemd[1]: Initializing machine ID from random generator.
[    5.357537] systemd[1]: Installed transient /etc/machine-id file.
[    5.559882] systemd[1]: Reached target User and Group Name Lookups.
[[0;32m  OK  [0m] Reached target User and Group Name Lookups.
[    5.563417] systemd[1]: Listening on LVM2 metadata daemon socket.
[[0;32m  OK  [0m] Listening on LVM2 metadata daemon socket.
[    5.567128] systemd[1]: Created slice User and Session Slice.
[[0;32m  OK  [0m] Created slice User and Session Slice.
[    5.570409] systemd[1]: Listening on LVM2 poll daemon socket.
[[0;32m  OK  [0m] Listening on LVM2 poll daemon socket.
[    5.573569] systemd[1]: Listening on Syslog Socket.
[[0;32m  OK  [0m] Listening on Syslog Socket.
[    5.583857] systemd[1]: Listening on Journal Socket.
[[0;32m  OK  [0m] Listening on Journal Socket.
[    5.586717] systemd[1]: Listening on /dev/initctl Compatibility Named Pipe.
[[0;32m  OK  [0m] Listening on /dev/initctl Compatibility Named Pipe.
[    5.590358] systemd[1]: Reached target Encrypted Volumes.
[[0;32m  OK  [0m] Reached target Encrypted Volumes.
[    5.593548] systemd[1]: Started Trigger resolvconf update for networkd DNS.
[[0;32m  OK  [0m] Started Trigger resolvconf update for networkd DNS.
[    5.597109] systemd[1]: Reached target Swap.
[[0;32m  OK  [0m] Reached target Swap.
[    5.599969] systemd[1]: Set up automount Arbitrary Executable File Formats File System Automount Point.
[[0;32m  OK  [0m] Set up automount Arbitrary Executab...ats File System Automount Point.
[    5.605152] systemd[1]: Started Forward Password Requests to Wall Directory Watch.
[[0;32m  OK  [0m] Started Forward Password Requests to Wall Directory Watch.
[    5.609420] systemd[1]: Reached target System Time Synchronized.
[[0;32m  OK  [0m] Reached target System Time Synchronized.
[    5.620093] systemd[1]: Listening on udev Control Socket.
[[0;32m  OK  [0m] Listening on udev Control Socket.
[    5.632271] systemd[1]: Created slice System Slice.
[[0;32m  OK  [0m] Created slice System Slice.
[    5.659545] systemd[1]: Starting Remount Root and Kernel File Systems...
         Starting Remount Root and Kernel File Systems...
[    5.668226] systemd[1]: Starting Set console keymap...
         Starting Set console keymap...
[    5.674022] systemd[1]: Created slice system-serial\x2dgetty.slice.
[    5.677654] EXT4-fs (sda1): re-mounted. Opts: (null)
[[0;32m  OK  [0m] Created slice system-serial\x2dgetty.slice.
[    5.688213] systemd[1]: Starting Load Kernel Modules...
         Starting Load Kernel Modules...
[    5.696658] systemd[1]: Starting Nameserver information manager...
         Starting Nameserver information manager...
[    5.704924] systemd[1]: Starting Uncomplicated firewall...
         Starting Uncomplicated firewall...
[    5.711716] systemd[1]: Mounting Debug File System...
         Mounting Debug File System...
[    5.714999] systemd[1]: Reached target Slices.
[    5.717583] Loading iSCSI transport class v2.0-870.
[[0;32m  OK  [0m] Reached target Slices.
[    5.722210] systemd[1]: Mounting Huge Pages File System...
         Mounting Huge Pages File System...
[    5.733921] systemd[1]: Listening on udev Kernel Socket.
[[0;32m  OK  [0m] Listening on udev Kernel Socket.
[    5.737786] systemd[1]: Listening on Journal Socket (/dev/log).
[    5.740556] iscsi: registered transport (tcp)
[[0;32m  OK  [0m] Listening on Journal Socket (/dev/log).
[    5.743387] systemd[1]: Listening on Journal Audit Socket.
[[0;32m  OK  [0m] Listening on Journal Audit Socket.
[    5.748504] systemd[1]: Listening on Device-mapper event daemon FIFOs.
[[0;32m  OK  [0m] Listening on Device-mapper event daemon FIFOs.
[    5.767357] systemd[1]: Starting Monitoring of LVM2 mirrors, snapshots etc. using dmeventd or progress polling...
         Starting Monitoring of LVM2 mirrors... dmeventd or progress polling...
[    5.785264] systemd[1]: Starting Journal Service...
         Starting Journal Service...
[    5.789218] systemd[1]: Mounting POSIX Message Queue File System...
         Mounting POSIX Message Queue File System...
[    5.796795] systemd[1]: Starting Create list of required static device nodes for the current kernel...
         Starting Create list of required st... nodes for the current kernel...
[    5.810803] systemd[1]: Mounted POSIX Message Queue File System.
[[0;32m  OK  [0m] Mounted POSIX Message Queue File System.
[    5.819635] systemd[1]: Mounted Debug File System.
[[0;32m  OK  [0m] Mounted Debug File System.
[    5.822908] systemd[1]: Mounted Huge Pages File System.
[[0;32m  OK  [[    5.826461] iscsi: registered transport (iser)
0m] Mounted Huge Pages File System.
[    5.829167] systemd[1]: Started Remount Root and Kernel File Systems.
[[0;32m  OK  [0m] Started Remount Root and Kernel File Systems.
[    5.834374] systemd[1]: Started Load Kernel Modules.
[[0;32m  OK  [0m] Started Load Kernel Modules.
[    5.848197] systemd[1]: Started Uncomplicated firewall.
[[0;32m  OK  [0m] Started Uncomplicated firewall.
[    5.853097] systemd[1]: Started Create list of required static device nodes for the current kernel.
[[0;32m  OK  [0m] Started Create list of required sta...ce nodes for the current kernel.
[    5.859599] systemd[1]: Started Nameserver information manager.
[[0;32m  OK  [0m] Started Nameserver information manager.
[    5.866512] systemd[1]: Started Journal Service.
[[0;32m  OK  [0m] Started Journal Service.
[[0;32m  OK  [0m] Started Set console keymap.
[[0;32m  OK  [0m] Started LVM2 metadata daemon.
         Starting Create Static Device Nodes in /dev...
         Starting Apply Kernel Variables...
         Mounting FUSE Control File System...
         Starting Load/Save Random Seed...
         Starting udev Coldplug all Devices...
         Starting Flush Journal to Persistent Storage...
[[0;32m  OK  [0m] Mounted FUSE Control File System.
[[0;32m  OK  [0m] Started Load/Save Random Seed.
[[0;32m  OK  [0m] Started Create Static Device Nodes in /dev.
[[0;32m  OK  [0m] Started Apply Kernel Variables.
[[0;32m  OK  [0m] Started Flush Journal to Persistent Storage.
[[0;32m  OK  [0m] Started udev Coldplug all Devices.
         Starting udev Kernel Device Manager...
[[0;32m  OK  [0m] Started udev Kernel Device Manager.
[[0;32m  OK  [0m] Started Dispatch Password Requests to Console Directory Watch.
[[0;32m  OK  [0m] Started Monitoring of LVM2 mirrors,...ng dmeventd or progress polling.
[[0;32m  OK  [0m] Reached target Local File Systems (Pre).
[[0;32m  OK  [0m] Reached target Local File Systems.
         Starting Initial cloud-init job (pre-networking)...
         Starting LSB: AppArmor initialization...
         Starting Create Volatile Files and Directories...
         Starting Commit a transient machine-id on disk...
         Starting Tell Plymouth To Write Out Runtime Data...
         Starting Set console font and keymap...
[[0;32m  OK  [0m] Started Create Volatile Files and Directories.
[[0;32m  OK  [0m] Started Tell Plymouth To Write Out Runtime Data.
[[0;32m  OK  [0m] Started Commit a transient machine-id on disk.
         Starting Update UTMP about System Boot/Shutdown...
[[0;32m  OK  [0m] Started Update UTMP about System Boot/Shutdown.
[[0;32m  OK  [0m] Found device /dev/ttyS0.
[[0;32m  OK  [0m] Listening on Load/Save RF Kill Switch Status /dev/rfkill Watch.
[    8.477260] cloud-init[484]: Cloud-init v. 19.2-36-g059d049c-0ubuntu1~16.04.1 running 'init-local' at Thu, 10 Oct 2019 15:43:12 +0000. Up 7.84 seconds.
[[0;32m  OK  [0m] Started Initial cloud-init job (pre-networking).
[[0;32m  OK  [0m] Reached target Network (Pre).
[[0;32m  OK  [0m] Started Set console font and keymap.
[[0;32m  OK  [0m] Created slice system-getty.slice.
[[0;32m  OK  [0m] Started LSB: AppArmor initialization.
         Starting Raise network interfaces...
[[0;32m  OK  [0m] Started Raise network interfaces.
[[0;32m  OK  [0m] Reached target Network.
         Starting Initial cloud-init job (metadata service crawler)...
[   11.534585] cloud-init[959]: Cloud-init v. 19.2-36-g059d049c-0ubuntu1~16.04.1 running 'init' at Thu, 10 Oct 2019 15:43:15 +0000. Up 10.59 seconds.
[   11.537822] cloud-init[959]: ci-info: +++++++++++++++++++++++++++++++++++++Net device info++++++++++++++++++++++++++++++++++++++
[   11.541834] cloud-init[959]: ci-info: +--------+------+---------------------------+---------------+--------+-------------------+
[   11.545135] cloud-init[959]: ci-info: | Device |  Up  |          Address          |      Mask     | Scope  |     Hw-Address    |
[   11.547988] cloud-init[959]: ci-info: +--------+------+---------------------------+---------------+--------+-------------------+
[   11.550650] cloud-init[959]: ci-info: | enp0s3 | True |         10.0.2.15         | 255.255.255.0 | global | 02:0e:9b:2d:5b:92 |
[   11.554593] cloud-init[959]: ci-info: | enp0s3 | True | fe80::e:9bff:fe2d:5b92/64 |       .       |  link  | 02:0e:9b:2d:5b:92 |
[   11.559214] cloud-init[959]: ci-info: |   lo   | True |         127.0.0.1         |   255.0.0.0   |  host  |         .         |
[   11.562351] cloud-init[959]: ci-info: |   lo   | True |          ::1/128          |       .       |  host  |         .         |
[   11.565665] cloud-init[959]: ci-info: +--------+------+---------------------------+---------------+--------+-------------------+
[   11.568839] cloud-init[959]: ci-info: +++++++++++++++++++++++++++Route IPv4 info++++++++++++++++++++++++++++
[   11.571996] cloud-init[959]: ci-info: +-------+-------------+----------+---------------+-----------+-------+
[   11.575340] cloud-init[959]: ci-info: | Route | Destination | Gateway  |    Genmask    | Interface | Flags |
[   11.580460] cloud-init[959]: ci-info: +-------+-------------+----------+---------------+-----------+-------+
[   11.583308] cloud-init[959]: ci-info: |   0   |   0.0.0.0   | 10.0.2.2 |    0.0.0.0    |   enp0s3  |   UG  |
[   11.586688] cloud-init[959]: ci-info: |   1   |   10.0.2.0  | 0.0.0.0  | 255.255.255.0 |   enp0s3  |   U   |
[   11.592493] cloud-init[959]: ci-info: +-------+-------------+----------+---------------+-----------+-------+
[   11.598483] cloud-init[959]: ci-info: +++++++++++++++++++Route IPv6 info+++++++++++++++++++
[   11.601016] cloud-init[959]: ci-info: +-------+-------------+---------+-----------+-------+
[   11.603111] cloud-init[959]: ci-info: | Route | Destination | Gateway | Interface | Flags |
[   11.605461] cloud-init[959]: ci-info: +-------+-------------+---------+-----------+-------+
[   11.616572] cloud-init[959]: ci-info: |   0   |  fe80::/64  |    ::   |   enp0s3  |   U   |
[   11.619668] cloud-init[959]: ci-info: |   3   |   ff00::/8  |    ::   |   enp0s3  |   U   |
[   11.622753] cloud-init[959]: ci-info: +-------+-------------+---------+-----------+-------+
[   11.625934] cloud-init[959]: Generating public/private rsa key pair.
[   11.628180] cloud-init[959]: Your identification has been saved in /etc/ssh/ssh_host_rsa_key.
[   11.631753] cloud-init[959]: Your public key has been saved in /etc/ssh/ssh_host_rsa_key.pub.
[   11.634778] cloud-init[959]: The key fingerprint is:
[   11.636700] cloud-init[959]: SHA256:4r3QhzIe3UBh0gA3NlHeHxQHEvqkDtSAQgqJYUj7LSs root@ubuntu-xenial
[   11.639720] cloud-init[959]: The key's randomart image is:
[   11.642623] cloud-init[959]: +---[RSA 2048]----+
[   11.644225] cloud-init[959]: |**. .oX=+ o.+o.  |
[   11.645746] cloud-init[959]: |*.o .o O.+ o .   |
[   11.655493] cloud-init[959]: |.. .  . = o .    |
[   11.659118] cloud-init[959]: |  . .. . + . .   |
[   11.661705] cloud-init[959]: |   o .o S . .    |
[   11.664181] cloud-init[959]: |    o. B +       |
[   11.667002] cloud-init[959]: | E .  * * o      |
[   11.669210] cloud-init[959]: |  .  . = o       |
[   11.671810] cloud-init[959]: |      . .        |
[   11.675397] cloud-init[959]: +----[SHA256]-----+
[   11.677789] cloud-init[959]: Generating public/private dsa key pair.
[   11.680849] cloud-init[959]: Your identification has been saved in /etc/ssh/ssh_host_dsa_key.
[   11.684014] cloud-init[959]: Your public key has been saved in /etc/ssh/ssh_host_dsa_key.pub.
[   11.686313] cloud-init[959]: The key fingerprint is:
[   11.688291] cloud-init[959]: SHA256:BFbHEaGoTxTA8QN8CTV5jbQJhoO3ESxpkcYb9jxiDk4 root@ubuntu-xenial
[   11.691068] cloud-init[959]: The key's randomart image is:
[   11.692934] cloud-init[959]: +---[DSA 1024]----+
[   11.694541] cloud-init[959]: | ..O*BO=o+=+     |
[   11.696406] cloud-init[959]: |  @ O=+*o=o      |
[   11.698110] cloud-init[959]: | + B ==.=        |
[   11.700071] cloud-init[959]: |.E+ =o o         |
[   11.701625] cloud-init[959]: |o+ .... S        |
[   11.703237] cloud-init[959]: | ..  o           |
[   11.704899] cloud-init[959]: |      .          |
[   11.707089] cloud-init[959]: |                 |
[   11.709487] cloud-init[959]: |                 |
[   11.711240] cloud-init[959]: +----[SHA256]-----+
[   11.712924] cloud-init[959]: Generating public/private ecdsa key pair.
[   11.714875] cloud-init[959]: Your identification has been saved in /etc/ssh/ssh_host_ecdsa_key.
[   11.717304] cloud-init[959]: Your public key has been saved in /etc/ssh/ssh_host_ecdsa_key.pub.
[   11.719981] cloud-init[959]: The key fingerprint is:
[   11.721656] cloud-init[959]: SHA256:rxoa9JqSEwUawm6UGC1fLTRLqT3f3+DJGG3MtN9tG9s root@ubuntu-xenial
[   11.728693] cloud-init[959]: The key's randomart image is:
[   11.730062] cloud-init[959]: +---[ECDSA 256]---+
[   11.731701] cloud-init[959]: |+o..+o           |
[   11.733688] cloud-init[959]: |=+o.+o.          |
[   11.736390] cloud-init[959]: |+= =..           |
[   11.738520] cloud-init[959]: |.oo +     .      |
[   11.741018] cloud-init[959]: |.  ..o .S= .     |
[   11.743033] cloud-init[959]: |  .. .. o.B      |
[   11.745062] cloud-init[959]: |   o. o  B.= . o |
[   11.747269] cloud-init[959]: |  +  = ...= o . *|
[   11.749121] cloud-init[959]: |   o+ ...      +E|
[   11.750901] cloud-init[959]: +----[SHA256]-----+
[   11.752541] cloud-init[959]: Generating public/private ed25519 key pair.
[   11.754690] cloud-init[959]: Your identification has been saved in /etc/ssh/ssh_host_ed25519_key.
[   11.757256] cloud-init[959]: Your public key has been saved in /etc/ssh/ssh_host_ed25519_key.pub.
[[0;32m  OK  [0m] Started Initial cloud-init job (metadata service crawler).
[   11.761347] cloud-init[959]: The key fingerprint is:
[   11.766381] [[0;32m  OK  [0m] Reached target Cloud-config availability.
[[0;32m  OK  [0m] Reached target Network is Online.
cloud-init[959]: SHA256:QNM1JuXgjaLeJTGqJxusbFf1VlyBqWnrlGQsAwDaKqQ root@ubuntu-xenial
[   11.771571] cloud-init[959]: The key's randomart image is:
[   11.774024] cloud-init[959]: +--[ED25519 256]--+
[   11.776011]          Starting iSCSI initiator daemon (iscsid)...
[[0;32m  OK  [0m] Reached target System Initialization.
[[0;32m  OK  [0m] Listening on D-Bus System Message Bus Socket.
[[0;32m  OK  [0m] Listening on ACPID Listen Socket.
cloud-init[959]: | .... o.oo= o..  |
[   11.785764]          Starting LXD - unix socket.
[[0;32m  OK  [0m] Listening on UUID daemon activation socket.
[[0;32m  OK  [0m] Started Daily Cleanup of Temporary Directories.
cloud-init[959]: |..   o o.B + .   |
[   11.792687] [[0;32m  OK  [0m] Started ACPI Events Check.
[[0;32m  OK  [0m] Reached target Paths.
[[0;32m  OK  [0m] Started Daily apt download activities.
cloud-init[959]: |...   * + * .    |
[   11.797670] [[0;32m  OK  [0m] Started Daily apt upgrade and clean activities.
cloud-init[959]: |o.   o O B o     |
[   11.801233]          Starting Socket activation for snappy daemon.
[[0;32m  OK  [0m] Reached target Timers.
cloud-init[959]: |E   o o S +      |
[   11.804993] cloud-init[959]: |.. o o o *       |
[[0;32m  OK  [0m] Listening on LXD - unix socket.
[[0;32m  OK  [0m] Listening on Socket activation for snappy daemon.
[   11.807817] cloud-init[959]: |  = + . +        |
[   11.812282] cloud-init[959]: |.o *     .       |
[   11.814695] cloud-init[959]: |o.o              |
[   11.818856] cloud-init[959]: +----[SHA256]-----+
[[0;32m  OK  [0m] Started iSCSI initiator daemon (iscsid).
         Starting Login to default iSCSI targets...
[[0;32m  OK  [0m] Reached target Sockets.
[[0;32m  OK  [0m] Reached target Basic System.
[[0;32m  OK  [0m] Started FUSE filesystem for LXC.
[[0;32m  OK  [0m] Started ACPI event daemon.
         Starting LSB: Record successful boot for GRUB...
         Starting System Logging Service...
[[0;32m  OK  [0m] Started Regular background program processing daemon.
         Starting LXD - container startup/shutdown...
         Starting Pollinate to seed the pseudo random number generator...
[[0;32m  OK  [0m] Started D-Bus System Message Bus.
[[0;32m  OK  [0m] Started Deferred execution scheduler.
         Starting Virtualbox guest utils...
         Starting LSB: MD monitoring daemon...
         Starting Accounts Service...
         Starting Snappy daemon...
         Starting /etc/rc.local Compatibility...
         Starting Login Service...
[[0;32m  OK  [0m] Started System Logging Service.
[[0;32m  OK  [0m] Started /etc/rc.local Compatibility.
[[0;32m  OK  [0m] Started Login to default iSCSI targets.
[[0;32m  OK  [0m] Started LSB: Record successful boot for GRUB.
[[0;32m  OK  [0m] Started LXD - container startup/shutdown.
[[0;32m  OK  [0m] Started Login Service.
[[0;32m  OK  [0m] Started Unattended Upgrades Shutdown.
         Starting Authenticate and Authorize Users to Run Privileged Tasks...
[[0;32m  OK  [0m] Reached target Remote File Systems (Pre).
[[0;32m  OK  [0m] Reached target Remote File Systems.
         Starting LSB: automatic crash report generation...
         Starting LSB: Set the CPU Frequency Scaling governor to "ondemand"...
         Starting Permit User Sessions...
         Starting LSB: daemon to balance interrupts for SMP systems...
[[0;32m  OK  [0m] Started LSB: MD monitoring daemon.
[[0;32m  OK  [0m] Started Permit User Sessions.
[[0;32m  OK  [0m] Started Authenticate and Authorize Users to Run Privileged Tasks.
[[0;32m  OK  [0m] Started Accounts Service.
[[0;32m  OK  [0m] Started Virtualbox guest utils.
         Starting Terminate Plymouth Boot Screen...
         Starting Hold until boot process finishes up...
[[0;32m  OK  [0m] Started LSB: Set the CPU Frequency Scaling governor to "ondemand".
[[0;32m  OK  [0m] Started Terminate Plymouth Boot Screen.
[[0;32m  OK  [0m] Started Hold until boot process finishes up.
[[0;32m  OK  [0m] Started LSB: daemon to balance interrupts for SMP systems.
[[0;32m  OK  [0m] Started LSB: automatic crash report generation.
         Starting Set console scheme...
[[0;32m  OK  [0m] Started Getty on tty1.
[[0;32m  OK  [0m] Started Serial Getty on ttyS0.
[[0;32m  OK  [0m] Reached target Login Prompts.
[[0;32m  OK  [0m] Started Set console scheme.
[[0;32m  OK  [0m] Started Snappy daemon.
         Starting Wait until snapd is fully seeded...
[[0;32m  OK  [0m] Started Pollinate to seed the pseudo random number generator.
         Starting OpenBSD Secure Shell server...
[[0;32m  OK  [0m] Started OpenBSD Secure Shell server.
[[0;32m  OK  [0m] Created slice User Slice of vagrant.
         Starting User Manager for UID 1000...
[[0;32m  OK  [0m] Started Session 1 of user vagrant.
[[0;32m  OK  [0m] Started User Manager for UID 1000.
[[0;32m  OK  [0m] Started Wait until snapd is fully seeded.
[[0;32m  OK  [0m] Reached target Multi-User System.
[[0;32m  OK  [0m] Reached target Graphical Interface.
         Starting Update UTMP about System Runlevel Changes...
         Starting Apply the settings specified in cloud-config...
[[0;32m  OK  [0m] Started Update UTMP about System Runlevel Changes.
[   14.981214] cloud-init[1383]: Generating locales (this might take a while)...
[   16.588118] cloud-init[1383]:   en_US.UTF-8... done
[   16.589861] cloud-init[1383]: Generation complete.
[   17.162086] cloud-init[1383]: Cloud-init v. 19.2-36-g059d049c-0ubuntu1~16.04.1 running 'modules:config' at Thu, 10 Oct 2019 15:43:19 +0000. Up 14.72 seconds.
[[0;32m  OK  [0m] Started Apply the settings specified in cloud-config.
         Starting Execute cloud user/final scripts...
         Stopping User Manager for UID 1000...
[[0;32m  OK  [0m] Stopped User Manager for UID 1000.
ci-info: no authorized ssh keys fingerprints found for user ubuntu.
<14>Oct 10 15:43:22 ec2: 
<14>Oct 10 15:43:22 ec2: #############################################################
<14>Oct 10 15:43:22 ec2: -----BEGIN SSH HOST KEY FINGERPRINTS-----
<14>Oct 10 15:43:22 ec2: 1024 SHA256:BFbHEaGoTxTA8QN8CTV5jbQJhoO3ESxpkcYb9jxiDk4 root@ubuntu-xenial (DSA)
<14>Oct 10 15:43:22 ec2: 256 SHA256:rxoa9JqSEwUawm6UGC1fLTRLqT3f3+DJGG3MtN9tG9s root@ubuntu-xenial (ECDSA)
<14>Oct 10 15:43:22 ec2: 256 SHA256:QNM1JuXgjaLeJTGqJxusbFf1VlyBqWnrlGQsAwDaKqQ root@ubuntu-xenial (ED25519)
<14>Oct 10 15:43:22 ec2: 2048 SHA256:4r3QhzIe3UBh0gA3NlHeHxQHEvqkDtSAQgqJYUj7LSs root@ubuntu-xenial (RSA)
<14>Oct 10 15:43:22 ec2: -----END SSH HOST KEY FINGERPRINTS-----
<14>Oct 10 15:43:22 ec2: #############################################################
-----BEGIN SSH HOST KEY KEYS-----
ecdsa-sha2-nistp256 AAAAE2VjZHNhLXNoYTItbmlzdHAyNTYAAAAIbmlzdHAyNTYAAABBBLIDRCuO9VXLT+EoFBpB7Y2/2m+t0K9RaTu0KF+TMUBpfpj1vnt71xHaU73DoZG8vTPk5TIPHN3EXxErgt0VZAs= root@ubuntu-xenial
ssh-ed25519 AAAAC3NzaC1lZDI1NTE5AAAAIFdpbiTatNkEx6fc4I3k08C/Vpd81EwpR/hDydSeDLfo root@ubuntu-xenial
ssh-rsa AAAAB3NzaC1yc2EAAAADAQABAAABAQCpa1MCvq7fG2elU++ntKXuBWMzQ7I472Z6kLzkH4Ix/5/LZccjnO1d4dx9OxO7BvA6sh25s+HsfzU2dmI4LZQL9z0vVodEV01jgAnMLnKtkrgjcBYwF4FH1dpyTSJnLCUJUaDWWTfdErP4DzsvyLZsHc8twPk7NEuFCQp76+OmWfv3zbg9PAUBohSwJnpReJZLYj99Nu8aSgnShn4967noxf8wpLAho+PtW5zUWBGDC8PHVoVv8zncg8HrEuh5fqUvmlGZhdD/ZExJlqh5XNmyfYHMl0SZOOl6eNt26vDU2L6Sgv1noVFSKU+yY9LcZhCFqXARlD7I6hoNfEMhPbgX root@ubuntu-xenial
-----END SSH HOST KEY KEYS-----
[   18.459356] cloud-init[1553]: Cloud-init v. 19.2-36-g059d049c-0ubuntu1~16.04.1 running 'modules:final' at Thu, 10 Oct 2019 15:43:22 +0000. Up 18.15 seconds.
[   18.465341] cloud-init[1553]: ci-info: no authorized ssh keys fingerprints found for user ubuntu.
[   18.476492] cloud-init[1553]: Cloud-init v. 19.2-36-g059d049c-0ubuntu1~16.04.1 finished at Thu, 10 Oct 2019 15:43:22 +0000. Datasource DataSourceNoCloud [seed=/dev/sdb][dsmode=net].  Up 18.43 seconds

Ubuntu 16.04.6 LTS ubuntu-xenial ttyS0

ubuntu-xenial login: 